// Jest Snapshot v1, https://goo.gl/fbAQLP

exports[`src/components/elements/Switch render 1`] = `
<input
  className=""
  type="checkbox"
/>
`;
