// Jest Snapshot v1, https://goo.gl/fbAQLP

exports[`src/components/fields/Text render 1`] = `
<React.Fragment>
  <label />
  <input
    className=""
  />
</React.Fragment>
`;
